>resource "thing" "name" {
#^^^^^^^^ source.terraform meta.block.terraform entity.name.type.terraform
#        ^ source.terraform meta.block.terraform
#         ^ source.terraform meta.block.terraform entity.name.tag.terraform entity.name.tag.begin.terraform
#          ^^^^^ source.terraform meta.block.terraform entity.name.tag.terraform
#               ^ source.terraform meta.block.terraform entity.name.tag.terraform entity.name.tag.end.terraform
#                ^ source.terraform meta.block.terraform
#                 ^ source.terraform meta.block.terraform entity.name.tag.terraform entity.name.tag.begin.terraform
#                  ^^^^ source.terraform meta.block.terraform entity.name.tag.terraform
#                      ^ source.terraform meta.block.terraform entity.name.tag.terraform entity.name.tag.end.terraform
#                       ^ source.terraform meta.block.terraform
#                        ^ source.terraform meta.block.terraform punctuation.section.block.begin.terraform
>  name = "tf-test-name"
#^^ source.terraform meta.block.terraform
#  ^^^^ source.terraform meta.block.terraform variable.declaration.terraform variable.other.readwrite.terraform
#      ^ source.terraform meta.block.terraform variable.declaration.terraform
#       ^ source.terraform meta.block.terraform variable.declaration.terraform keyword.operator.assignment.terraform
#        ^ source.terraform meta.block.terraform variable.declaration.terraform
#         ^ source.terraform meta.block.terraform string.quoted.double.terraform punctuation.definition.string.begin.terraform
#          ^^^^^^^^^^^^ source.terraform meta.block.terraform string.quoted.double.terraform
#                      ^ source.terraform meta.block.terraform string.quoted.double.terraform punctuation.definition.string.end.terraform
>
>  dynamic "setting" {
#^^ source.terraform meta.block.terraform
#  ^^^^^^^ source.terraform meta.block.terraform meta.block.terraform entity.name.label.terraform
#         ^ source.terraform meta.block.terraform meta.block.terraform
#          ^ source.terraform meta.block.terraform meta.block.terraform entity.name.tag.terraform entity.name.tag.begin.terraform
#           ^^^^^^^ source.terraform meta.block.terraform meta.block.terraform entity.name.tag.terraform
#                  ^ source.terraform meta.block.terraform meta.block.terraform entity.name.tag.terraform entity.name.tag.end.terraform
#                   ^ source.terraform meta.block.terraform meta.block.terraform
#                    ^ source.terraform meta.block.terraform meta.block.terraform punctuation.section.block.begin.terraform
>    for_each = var.settings
#^^^^ source.terraform meta.block.terraform meta.block.terraform
#    ^^^^^^^^ source.terraform meta.block.terraform meta.block.terraform variable.declaration.terraform variable.other.readwrite.terraform
#            ^ source.terraform meta.block.terraform meta.block.terraform variable.declaration.terraform
#             ^ source.terraform meta.block.terraform meta.block.terraform variable.declaration.terraform keyword.operator.assignment.terraform
#              ^ source.terraform meta.block.terraform meta.block.terraform variable.declaration.terraform
#               ^^^ source.terraform meta.block.terraform meta.block.terraform support.constant.terraform
#                  ^ source.terraform meta.block.terraform meta.block.terraform keyword.operator.accessor.terraform
#                   ^^^^^^^^ source.terraform meta.block.terraform meta.block.terraform variable.other.member.terraform
>    content {
#^^^^ source.terraform meta.block.terraform meta.block.terraform
#    ^^^^^^^ source.terraform meta.block.terraform meta.block.terraform meta.block.terraform entity.name.label.terraform
#           ^ source.terraform meta.block.terraform meta.block.terraform meta.block.terraform
#            ^ source.terraform meta.block.terraform meta.block.terraform meta.block.terraform punctuation.section.block.begin.terraform
>      namespace = setting.value["namespace"]
#^^^^^^ source.terraform meta.block.terraform meta.block.terraform meta.block.terraform
#      ^^^^^^^^^ source.terraform meta.block.terraform meta.block.terraform meta.block.terraform variable.declaration.terraform variable.other.readwrite.terraform
#               ^ source.terraform meta.block.terraform meta.block.terraform meta.block.terraform variable.declaration.terraform
#                ^ source.terraform meta.block.terraform meta.block.terraform meta.block.terraform variable.declaration.terraform keyword.operator.assignment.terraform
#                 ^ source.terraform meta.block.terraform meta.block.terraform meta.block.terraform variable.declaration.terraform
#                  ^^^^^^^ source.terraform meta.block.terraform meta.block.terraform meta.block.terraform
#                         ^ source.terraform meta.block.terraform meta.block.terraform meta.block.terraform keyword.operator.accessor.terraform
#                          ^^^^^ source.terraform meta.block.terraform meta.block.terraform meta.block.terraform variable.other.member.terraform
#                               ^ source.terraform meta.block.terraform meta.block.terraform meta.block.terraform punctuation.section.brackets.begin.terraform
#                                ^ source.terraform meta.block.terraform meta.block.terraform meta.block.terraform string.quoted.double.terraform punctuation.definition.string.begin.terraform
#                                 ^^^^^^^^^ source.terraform meta.block.terraform meta.block.terraform meta.block.terraform string.quoted.double.terraform
#                                          ^ source.terraform meta.block.terraform meta.block.terraform meta.block.terraform string.quoted.double.terraform punctuation.definition.string.end.terraform
#                                           ^ source.terraform meta.block.terraform meta.block.terraform meta.block.terraform punctuation.section.brackets.end.terraform
>      name = setting.value["name"]
#^^^^^^ source.terraform meta.block.terraform meta.block.terraform meta.block.terraform
#      ^^^^ source.terraform meta.block.terraform meta.block.terraform meta.block.terraform variable.declaration.terraform variable.other.readwrite.terraform
#          ^ source.terraform meta.block.terraform meta.block.terraform meta.block.terraform variable.declaration.terraform
#           ^ source.terraform meta.block.terraform meta.block.terraform meta.block.terraform variable.declaration.terraform keyword.operator.assignment.terraform
#            ^ source.terraform meta.block.terraform meta.block.terraform meta.block.terraform variable.declaration.terraform
#             ^^^^^^^ source.terraform meta.block.terraform meta.block.terraform meta.block.terraform
#                    ^ source.terraform meta.block.terraform meta.block.terraform meta.block.terraform keyword.operator.accessor.terraform
#                     ^^^^^ source.terraform meta.block.terraform meta.block.terraform meta.block.terraform variable.other.member.terraform
#                          ^ source.terraform meta.block.terraform meta.block.terraform meta.block.terraform punctuation.section.brackets.begin.terraform
#                           ^ source.terraform meta.block.terraform meta.block.terraform meta.block.terraform string.quoted.double.terraform punctuation.definition.string.begin.terraform
#                            ^^^^ source.terraform meta.block.terraform meta.block.terraform meta.block.terraform string.quoted.double.terraform
#                                ^ source.terraform meta.block.terraform meta.block.terraform meta.block.terraform string.quoted.double.terraform punctuation.definition.string.end.terraform
#                                 ^ source.terraform meta.block.terraform meta.block.terraform meta.block.terraform punctuation.section.brackets.end.terraform
>      value = setting.value["value"]
#^^^^^^ source.terraform meta.block.terraform meta.block.terraform meta.block.terraform
#      ^^^^^ source.terraform meta.block.terraform meta.block.terraform meta.block.terraform variable.declaration.terraform variable.other.readwrite.terraform
#           ^ source.terraform meta.block.terraform meta.block.terraform meta.block.terraform variable.declaration.terraform
#            ^ source.terraform meta.block.terraform meta.block.terraform meta.block.terraform variable.declaration.terraform keyword.operator.assignment.terraform
#             ^ source.terraform meta.block.terraform meta.block.terraform meta.block.terraform variable.declaration.terraform
#              ^^^^^^^ source.terraform meta.block.terraform meta.block.terraform meta.block.terraform
#                     ^ source.terraform meta.block.terraform meta.block.terraform meta.block.terraform keyword.operator.accessor.terraform
#                      ^^^^^ source.terraform meta.block.terraform meta.block.terraform meta.block.terraform variable.other.member.terraform
#                           ^ source.terraform meta.block.terraform meta.block.terraform meta.block.terraform punctuation.section.brackets.begin.terraform
#                            ^ source.terraform meta.block.terraform meta.block.terraform meta.block.terraform string.quoted.double.terraform punctuation.definition.string.begin.terraform
#                             ^^^^^ source.terraform meta.block.terraform meta.block.terraform meta.block.terraform string.quoted.double.terraform
#                                  ^ source.terraform meta.block.terraform meta.block.terraform meta.block.terraform string.quoted.double.terraform punctuation.definition.string.end.terraform
#                                   ^ source.terraform meta.block.terraform meta.block.terraform meta.block.terraform punctuation.section.brackets.end.terraform
>    }
#^^^^ source.terraform meta.block.terraform meta.block.terraform meta.block.terraform
#    ^ source.terraform meta.block.terraform meta.block.terraform meta.block.terraform punctuation.section.block.end.terraform
>  }
#^^ source.terraform meta.block.terraform meta.block.terraform
#  ^ source.terraform meta.block.terraform meta.block.terraform punctuation.section.block.end.terraform
>
>  dynamic "origin_group" {
#^^ source.terraform meta.block.terraform
#  ^^^^^^^ source.terraform meta.block.terraform meta.block.terraform entity.name.label.terraform
#         ^ source.terraform meta.block.terraform meta.block.terraform
#          ^ source.terraform meta.block.terraform meta.block.terraform entity.name.tag.terraform entity.name.tag.begin.terraform
#           ^^^^^^^^^^^^ source.terraform meta.block.terraform meta.block.terraform entity.name.tag.terraform
#                       ^ source.terraform meta.block.terraform meta.block.terraform entity.name.tag.terraform entity.name.tag.end.terraform
#                        ^ source.terraform meta.block.terraform meta.block.terraform
#                         ^ source.terraform meta.block.terraform meta.block.terraform punctuation.section.block.begin.terraform
>    for_each = var.load_balancer_origin_groups
#^^^^ source.terraform meta.block.terraform meta.block.terraform
#    ^^^^^^^^ source.terraform meta.block.terraform meta.block.terraform variable.declaration.terraform variable.other.readwrite.terraform
#            ^ source.terraform meta.block.terraform meta.block.terraform variable.declaration.terraform
#             ^ source.terraform meta.block.terraform meta.block.terraform variable.declaration.terraform keyword.operator.assignment.terraform
#              ^ source.terraform meta.block.terraform meta.block.terraform variable.declaration.terraform
#               ^^^ source.terraform meta.block.terraform meta.block.terraform support.constant.terraform
#                  ^ source.terraform meta.block.terraform meta.block.terraform keyword.operator.accessor.terraform
#                   ^^^^^^^^^^^^^^^^^^^^^^^^^^^ source.terraform meta.block.terraform meta.block.terraform variable.other.member.terraform
>    content {
#^^^^ source.terraform meta.block.terraform meta.block.terraform
#    ^^^^^^^ source.terraform meta.block.terraform meta.block.terraform meta.block.terraform entity.name.label.terraform
#           ^ source.terraform meta.block.terraform meta.block.terraform meta.block.terraform
#            ^ source.terraform meta.block.terraform meta.block.terraform meta.block.terraform punctuation.section.block.begin.terraform
>      name = origin_group.key
#^^^^^^ source.terraform meta.block.terraform meta.block.terraform meta.block.terraform
#      ^^^^ source.terraform meta.block.terraform meta.block.terraform meta.block.terraform variable.declaration.terraform variable.other.readwrite.terraform
#          ^ source.terraform meta.block.terraform meta.block.terraform meta.block.terraform variable.declaration.terraform
#           ^ source.terraform meta.block.terraform meta.block.terraform meta.block.terraform variable.declaration.terraform keyword.operator.assignment.terraform
#            ^ source.terraform meta.block.terraform meta.block.terraform meta.block.terraform variable.declaration.terraform
#             ^^^^^^^^^^^^ source.terraform meta.block.terraform meta.block.terraform meta.block.terraform
#                         ^ source.terraform meta.block.terraform meta.block.terraform meta.block.terraform keyword.operator.accessor.terraform
#                          ^^^ source.terraform meta.block.terraform meta.block.terraform meta.block.terraform variable.other.member.terraform
>
>      dynamic "origin" {
#^^^^^^ source.terraform meta.block.terraform meta.block.terraform meta.block.terraform
#      ^^^^^^^ source.terraform meta.block.terraform meta.block.terraform meta.block.terraform meta.block.terraform entity.name.label.terraform
#             ^ source.terraform meta.block.terraform meta.block.terraform meta.block.terraform meta.block.terraform
#              ^ source.terraform meta.block.terraform meta.block.terraform meta.block.terraform meta.block.terraform entity.name.tag.terraform entity.name.tag.begin.terraform
#               ^^^^^^ source.terraform meta.block.terraform meta.block.terraform meta.block.terraform meta.block.terraform entity.name.tag.terraform
#                     ^ source.terraform meta.block.terraform meta.block.terraform meta.block.terraform meta.block.terraform entity.name.tag.terraform entity.name.tag.end.terraform
#                      ^ source.terraform meta.block.terraform meta.block.terraform meta.block.terraform meta.block.terraform
#                       ^ source.terraform meta.block.terraform meta.block.terraform meta.block.terraform meta.block.terraform punctuation.section.block.begin.terraform
>        for_each = origin_group.value.origins
#^^^^^^^^ source.terraform meta.block.terraform meta.block.terraform meta.block.terraform meta.block.terraform
#        ^^^^^^^^ source.terraform meta.block.terraform meta.block.terraform meta.block.terraform meta.block.terraform variable.declaration.terraform variable.other.readwrite.terraform
#                ^ source.terraform meta.block.terraform meta.block.terraform meta.block.terraform meta.block.terraform variable.declaration.terraform
#                 ^ source.terraform meta.block.terraform meta.block.terraform meta.block.terraform meta.block.terraform variable.declaration.terraform keyword.operator.assignment.terraform
#                  ^ source.terraform meta.block.terraform meta.block.terraform meta.block.terraform meta.block.terraform variable.declaration.terraform
#                   ^^^^^^^^^^^^ source.terraform meta.block.terraform meta.block.terraform meta.block.terraform meta.block.terraform
#                               ^ source.terraform meta.block.terraform meta.block.terraform meta.block.terraform meta.block.terraform keyword.operator.accessor.terraform
#                                ^^^^^ source.terraform meta.block.terraform meta.block.terraform meta.block.terraform meta.block.terraform variable.other.member.terraform
#                                     ^ source.terraform meta.block.terraform meta.block.terraform meta.block.terraform meta.block.terraform keyword.operator.accessor.terraform
#                                      ^^^^^^^ source.terraform meta.block.terraform meta.block.terraform meta.block.terraform meta.block.terraform variable.other.member.terraform
>        content {
#^^^^^^^^ source.terraform meta.block.terraform meta.block.terraform meta.block.terraform meta.block.terraform
#        ^^^^^^^ source.terraform meta.block.terraform meta.block.terraform meta.block.terraform meta.block.terraform meta.block.terraform entity.name.label.terraform
#               ^ source.terraform meta.block.terraform meta.block.terraform meta.block.terraform meta.block.terraform meta.block.terraform
#                ^ source.terraform meta.block.terraform meta.block.terraform meta.block.terraform meta.block.terraform meta.block.terraform punctuation.section.block.begin.terraform
>          hostname = origin.value.hostname
#^^^^^^^^^^ source.terraform meta.block.terraform meta.block.terraform meta.block.terraform meta.block.terraform meta.block.terraform
#          ^^^^^^^^ source.terraform meta.block.terraform meta.block.terraform meta.block.terraform meta.block.terraform meta.block.terraform variable.declaration.terraform variable.other.readwrite.terraform
#                  ^ source.terraform meta.block.terraform meta.block.terraform meta.block.terraform meta.block.terraform meta.block.terraform variable.declaration.terraform
#                   ^ source.terraform meta.block.terraform meta.block.terraform meta.block.terraform meta.block.terraform meta.block.terraform variable.declaration.terraform keyword.operator.assignment.terraform
#                    ^ source.terraform meta.block.terraform meta.block.terraform meta.block.terraform meta.block.terraform meta.block.terraform variable.declaration.terraform
#                     ^^^^^^ source.terraform meta.block.terraform meta.block.terraform meta.block.terraform meta.block.terraform meta.block.terraform
#                           ^ source.terraform meta.block.terraform meta.block.terraform meta.block.terraform meta.block.terraform meta.block.terraform keyword.operator.accessor.terraform
#                            ^^^^^ source.terraform meta.block.terraform meta.block.terraform meta.block.terraform meta.block.terraform meta.block.terraform variable.other.member.terraform
#                                 ^ source.terraform meta.block.terraform meta.block.terraform meta.block.terraform meta.block.terraform meta.block.terraform keyword.operator.accessor.terraform
#                                  ^^^^^^^^ source.terraform meta.block.terraform meta.block.terraform meta.block.terraform meta.block.terraform meta.block.terraform variable.other.member.terraform
>        }
#^^^^^^^^ source.terraform meta.block.terraform meta.block.terraform meta.block.terraform meta.block.terraform meta.block.terraform
#        ^ source.terraform meta.block.terraform meta.block.terraform meta.block.terraform meta.block.terraform meta.block.terraform punctuation.section.block.end.terraform
>      }
#^^^^^^ source.terraform meta.block.terraform meta.block.terraform meta.block.terraform meta.block.terraform
#      ^ source.terraform meta.block.terraform meta.block.terraform meta.block.terraform meta.block.terraform punctuation.section.block.end.terraform
>    }
#^^^^ source.terraform meta.block.terraform meta.block.terraform meta.block.terraform
#    ^ source.terraform meta.block.terraform meta.block.terraform meta.block.terraform punctuation.section.block.end.terraform
>  }
#^^ source.terraform meta.block.terraform meta.block.terraform
#  ^ source.terraform meta.block.terraform meta.block.terraform punctuation.section.block.end.terraform
>}
#^ source.terraform meta.block.terraform punctuation.section.block.end.terraform
>