>variable "foo" {}
#^^^^^^^^ source.terraform meta.block.terraform entity.name.type.terraform
#        ^ source.terraform meta.block.terraform
#         ^ source.terraform meta.block.terraform entity.name.tag.terraform entity.name.tag.begin.terraform
#          ^^^ source.terraform meta.block.terraform entity.name.tag.terraform
#             ^ source.terraform meta.block.terraform entity.name.tag.terraform entity.name.tag.end.terraform
#              ^ source.terraform meta.block.terraform
#               ^ source.terraform meta.block.terraform punctuation.section.block.begin.terraform
#                ^ source.terraform meta.block.terraform punctuation.section.block.end.terraform
>output "result-val" { value = var.foo }
#^^^^^^ source.terraform meta.block.terraform entity.name.type.terraform
#      ^ source.terraform meta.block.terraform
#       ^ source.terraform meta.block.terraform entity.name.tag.terraform entity.name.tag.begin.terraform
#        ^^^^^^^^^^ source.terraform meta.block.terraform entity.name.tag.terraform
#                  ^ source.terraform meta.block.terraform entity.name.tag.terraform entity.name.tag.end.terraform
#                   ^ source.terraform meta.block.terraform
#                    ^ source.terraform meta.block.terraform punctuation.section.block.begin.terraform
#                     ^ source.terraform meta.block.terraform
#                      ^^^^^ source.terraform meta.block.terraform variable.declaration.terraform variable.other.readwrite.terraform
#                           ^ source.terraform meta.block.terraform variable.declaration.terraform
#                            ^ source.terraform meta.block.terraform variable.declaration.terraform keyword.operator.assignment.terraform
#                             ^ source.terraform meta.block.terraform variable.declaration.terraform
#                              ^^^ source.terraform meta.block.terraform support.constant.terraform
#                                 ^ source.terraform meta.block.terraform keyword.operator.accessor.terraform
#                                  ^^^ source.terraform meta.block.terraform variable.other.member.terraform
#                                     ^ source.terraform meta.block.terraform
#                                      ^ source.terraform meta.block.terraform punctuation.section.block.end.terraform
>
>variable "some-var" {
#^^^^^^^^ source.terraform meta.block.terraform entity.name.type.terraform
#        ^ source.terraform meta.block.terraform
#         ^ source.terraform meta.block.terraform entity.name.tag.terraform entity.name.tag.begin.terraform
#          ^^^^^^^^ source.terraform meta.block.terraform entity.name.tag.terraform
#                  ^ source.terraform meta.block.terraform entity.name.tag.terraform entity.name.tag.end.terraform
#                   ^ source.terraform meta.block.terraform
#                    ^ source.terraform meta.block.terraform punctuation.section.block.begin.terraform
>  default = "value"
#^^ source.terraform meta.block.terraform
#  ^^^^^^^ source.terraform meta.block.terraform variable.declaration.terraform variable.other.readwrite.terraform
#         ^ source.terraform meta.block.terraform variable.declaration.terraform
#          ^ source.terraform meta.block.terraform variable.declaration.terraform keyword.operator.assignment.terraform
#           ^ source.terraform meta.block.terraform variable.declaration.terraform
#            ^ source.terraform meta.block.terraform string.quoted.double.terraform punctuation.definition.string.begin.terraform
#             ^^^^^ source.terraform meta.block.terraform string.quoted.double.terraform
#                  ^ source.terraform meta.block.terraform string.quoted.double.terraform punctuation.definition.string.end.terraform
>}
#^ source.terraform meta.block.terraform punctuation.section.block.end.terraform
>
>module "foo-mod" {
#^^^^^^ source.terraform meta.block.terraform entity.name.type.terraform
#      ^ source.terraform meta.block.terraform
#       ^ source.terraform meta.block.terraform entity.name.tag.terraform entity.name.tag.begin.terraform
#        ^^^^^^^ source.terraform meta.block.terraform entity.name.tag.terraform
#               ^ source.terraform meta.block.terraform entity.name.tag.terraform entity.name.tag.end.terraform
#                ^ source.terraform meta.block.terraform
#                 ^ source.terraform meta.block.terraform punctuation.section.block.begin.terraform
>  source = "./foo"
#^^ source.terraform meta.block.terraform
#  ^^^^^^ source.terraform meta.block.terraform variable.declaration.terraform variable.other.readwrite.terraform
#        ^ source.terraform meta.block.terraform variable.declaration.terraform
#         ^ source.terraform meta.block.terraform variable.declaration.terraform keyword.operator.assignment.terraform
#          ^ source.terraform meta.block.terraform variable.declaration.terraform
#           ^ source.terraform meta.block.terraform string.quoted.double.terraform punctuation.definition.string.begin.terraform
#            ^^^^^ source.terraform meta.block.terraform string.quoted.double.terraform
#                 ^ source.terraform meta.block.terraform string.quoted.double.terraform punctuation.definition.string.end.terraform
>  foo = var.some-var
#^^ source.terraform meta.block.terraform
#  ^^^ source.terraform meta.block.terraform variable.declaration.terraform variable.other.readwrite.terraform
#     ^ source.terraform meta.block.terraform variable.declaration.terraform
#      ^ source.terraform meta.block.terraform variable.declaration.terraform keyword.operator.assignment.terraform
#       ^ source.terraform meta.block.terraform variable.declaration.terraform
#        ^^^ source.terraform meta.block.terraform support.constant.terraform
#           ^ source.terraform meta.block.terraform keyword.operator.accessor.terraform
#            ^^^^^^^^ source.terraform meta.block.terraform variable.other.member.terraform
>}
#^ source.terraform meta.block.terraform punctuation.section.block.end.terraform
>
>module "bar" {
#^^^^^^ source.terraform meta.block.terraform entity.name.type.terraform
#      ^ source.terraform meta.block.terraform
#       ^ source.terraform meta.block.terraform entity.name.tag.terraform entity.name.tag.begin.terraform
#        ^^^ source.terraform meta.block.terraform entity.name.tag.terraform
#           ^ source.terraform meta.block.terraform entity.name.tag.terraform entity.name.tag.end.terraform
#            ^ source.terraform meta.block.terraform
#             ^ source.terraform meta.block.terraform punctuation.section.block.begin.terraform
>  source = "./foo"
#^^ source.terraform meta.block.terraform
#  ^^^^^^ source.terraform meta.block.terraform variable.declaration.terraform variable.other.readwrite.terraform
#        ^ source.terraform meta.block.terraform variable.declaration.terraform
#         ^ source.terraform meta.block.terraform variable.declaration.terraform keyword.operator.assignment.terraform
#          ^ source.terraform meta.block.terraform variable.declaration.terraform
#           ^ source.terraform meta.block.terraform string.quoted.double.terraform punctuation.definition.string.begin.terraform
#            ^^^^^ source.terraform meta.block.terraform string.quoted.double.terraform
#                 ^ source.terraform meta.block.terraform string.quoted.double.terraform punctuation.definition.string.end.terraform
>  foo = module.foo-mod.result-val
#^^ source.terraform meta.block.terraform
#  ^^^ source.terraform meta.block.terraform variable.declaration.terraform variable.other.readwrite.terraform
#     ^ source.terraform meta.block.terraform variable.declaration.terraform
#      ^ source.terraform meta.block.terraform variable.declaration.terraform keyword.operator.assignment.terraform
#       ^ source.terraform meta.block.terraform variable.declaration.terraform
#        ^^^^^^ source.terraform meta.block.terraform support.constant.terraform
#              ^ source.terraform meta.block.terraform keyword.operator.accessor.terraform
#               ^^^^^^^ source.terraform meta.block.terraform variable.other.member.terraform
#                      ^ source.terraform meta.block.terraform keyword.operator.accessor.terraform
#                       ^^^^^^^^^^ source.terraform meta.block.terraform variable.other.member.terraform
>}
#^ source.terraform meta.block.terraform punctuation.section.block.end.terraform